// Jest Snapshot v1, https://goo.gl/fbAQLP

exports[`renders correctly 1`] = `
<View
  style={
    Object {
      "alignItems": "stretch",
      "flex": 1,
    }
  }
>
  <View
    style={
      Object {
        "flex": 1,
      }
    }
  >
    <RCTWebView
      messagingEnabled={false}
      onLoadingError={[Function]}
      onLoadingFinish={[Function]}
      onLoadingStart={[Function]}
      onMessage={[Function]}
      onShouldStartLoadWithRequest={[Function]}
      scalesPageToFit={true}
      source={
        Object {
          "uri": "https://virtualsky.lco.global/embed/?longitude=-119.86286000000001&latitude=34.4326&projection=polar&constellationlabels=true",
        }
      }
      style={
        Array [
          Object {
            "flex": 1,
          },
          Object {
            "backgroundColor": "#ffffff",
          },
          Object {
            "backgroundColor": "black",
            "marginBottom": -500,
          },
        ]
      }
    />
  </View>
</View>
`;
